2026-05-01 21:27:33 [INFO] Log file: logs/evaluate_lora_20260501_212733.log
2026-05-01 21:27:33 [INFO] ============================================================
2026-05-01 21:27:33 [INFO] 开始评估 LoRA 模型
2026-05-01 21:27:33 [INFO] ============================================================
2026-05-01 21:27:33 [INFO] 评估参数:
2026-05-01 21:27:33 [INFO]   - 生成图片目录: /data/coding/generated_images_lora
2026-05-01 21:27:33 [INFO]   - 真实图片目录: /data/coding/real_images
2026-05-01 21:27:33 [INFO]   - 映射文件: /data/coding/caption_image_mapping_lora.json
2026-05-01 21:27:33 [INFO]   - 结果文件: /data/coding/evaluation_results_lora.json
2026-05-01 21:27:33 [INFO] ============================================================
2026-05-01 21:28:23 [INFO] 
============================================================
2026-05-01 21:28:23 [INFO] LoRA 评估结果
2026-05-01 21:28:23 [INFO] ============================================================
2026-05-01 21:28:23 [INFO] FID Score:    188.25
2026-05-01 21:28:23 [INFO] CLIP Score:   0.3126 (±0.0255)
2026-05-01 21:28:23 [INFO] 样本数量:     100
2026-05-01 21:28:23 [INFO] ============================================================
2026-05-01 21:28:23 [INFO] 
============================================================
2026-05-01 21:28:23 [INFO] 对比结果 (基线 SDXL vs LoRA)
2026-05-01 21:28:23 [INFO] ============================================================
2026-05-01 21:28:23 [INFO] 基线 FID:    192.84
2026-05-01 21:28:23 [INFO] LoRA FID:    188.25
2026-05-01 21:28:23 [INFO]   变化:      -4.59 (+2.4%)
2026-05-01 21:28:23 [INFO] 
2026-05-01 21:28:23 [INFO] 基线 CLIP:  0.3110
2026-05-01 21:28:23 [INFO] LoRA CLIP:  0.3126
2026-05-01 21:28:23 [INFO]   变化:      +0.0016 (+0.5%)
2026-05-01 21:28:23 [INFO] ============================================================
