2026-05-01 19:27:11 [INFO] Log file: logs/train_lora_sdxl_20260501_192711.log
2026-05-01 19:27:11 [INFO] ============================================================
2026-05-01 19:27:11 [INFO] 开始训练 SDXL LoRA
2026-05-01 19:27:11 [INFO] ============================================================
2026-05-01 19:27:11 [INFO] 训练参数:
2026-05-01 19:27:11 [INFO]   - 预训练模型: stabilityai/stable-diffusion-xl-base-1.0
2026-05-01 19:27:11 [INFO]   - 训练数据: /data/coding/train_lora_dataset
2026-05-01 19:27:11 [INFO]   - 图像分辨率: 1024
2026-05-01 19:27:11 [INFO]   - 批量大小: 1 (梯度累积 x4)
2026-05-01 19:27:11 [INFO]   - 训练步数: 2000 steps
2026-05-01 19:27:11 [INFO]   - 学习率: 1e-4
2026-05-01 19:27:11 [INFO]   - 学习率调度: cosine
2026-05-01 19:27:11 [INFO]   - 热身步数: 200
2026-05-01 19:27:11 [INFO]   - 混合精度: bf16
2026-05-01 19:27:11 [INFO]   - LoRA rank: 16
2026-05-01 19:27:11 [INFO]   - 输出目录: /data/coding/sdxl_lora_coco
2026-05-01 19:27:11 [INFO]   - 检查点间隔: 1000 steps
2026-05-01 19:27:11 [INFO]   - 随机种子: 42
2026-05-01 19:27:11 [INFO] ============================================================
2026-05-01 20:46:11 [INFO] ============================================================
2026-05-01 20:46:11 [INFO] 训练完成！
2026-05-01 20:46:11 [INFO] LoRA 权重已保存到: /data/coding/sdxl_lora_coco
2026-05-01 20:46:11 [INFO] 接下来可以运行: python generate_lora.py
2026-05-01 20:46:11 [INFO] ============================================================
